version https://git-lfs.github.com/spec/v1
oid sha256:0c8eaaa7b11a25464cf4563559f714146dd1644c7d6e4c22570790a28b92a14f
size 512
