version https://git-lfs.github.com/spec/v1
oid sha256:95bf4fff27ac88ce633eef3a7208fdcaff6205a999b3e2348d24bf1e32aa0a6b
size 2
