version https://git-lfs.github.com/spec/v1
oid sha256:60f1906bfcf399a4b9d1260e37df264e4716def8275d30cc5fc82a0d9aa6d8b2
size 392
