version https://git-lfs.github.com/spec/v1
oid sha256:aeeb5230af84cdc9e7c702bdd8b828ad843a7b2cf785b586c1a30a6168d94db7
size 49152
