version https://git-lfs.github.com/spec/v1
oid sha256:8175b511df88563713f0979f61782cb9bd9a868381ee3be754cd51637d46cff7
size 2000
