version https://git-lfs.github.com/spec/v1
oid sha256:69399f3d6f4c9273373c51500c16cc2587944f6e7aa7299500e0f426d81239c3
size 1728
