version https://git-lfs.github.com/spec/v1
oid sha256:a709cd7bb2a321bc125df530f39e0e4b40eaf0a9bf8d75d63cfe34c82ad8466d
size 12800
