version https://git-lfs.github.com/spec/v1
oid sha256:66ab30a1fb57bc6d7513cbc6017eed25e850a9fdc64bd1778540334c441f7e11
size 802816
