version https://git-lfs.github.com/spec/v1
oid sha256:7ea7187532e1d4da5a3063ae81b4f26f8856cec2209c5b638b6be2b4669475e6
size 2
