version https://git-lfs.github.com/spec/v1
oid sha256:97e13c257756017b691360af4adfa52d96cf32a4b7bbdc7cc8728c06f66a9ca9
size 6272
