version https://git-lfs.github.com/spec/v1
oid sha256:9d7019ce44f8e7ceb8db88d6516c3e224321c57ba5760c6e34d6189b75a5b08b
size 16384
