version https://git-lfs.github.com/spec/v1
oid sha256:3c3c8c307768d37bde684ac86d17fd68a3357b2749d8e88340765feab0e484f1
size 706560
