version https://git-lfs.github.com/spec/v1
oid sha256:fa11b0975b97ffd62c0c1a0b0a836bc74b871a20a8063c774c8387d9547976a5
size 2304
