version https://git-lfs.github.com/spec/v1
oid sha256:6fe3826cd62fa754a9a58db29a0a72d1573f09a2cf4f3ae98fe126059f3bcf02
size 8192
