version https://git-lfs.github.com/spec/v1
oid sha256:d5a7ef6db6c075947c2085111dff0a4e51a855d5e16195d43f61b636d4095fe1
size 8192
