version https://git-lfs.github.com/spec/v1
oid sha256:fec3379f8cc23c5354e9f6e0552ae26fafc926781778164a7ccbad57df2ee1eb
size 9600
