version https://git-lfs.github.com/spec/v1
oid sha256:5bf303f5342bad16ae9e7395e004d92580fb02c393cc6ea8bf1ec037edc7806f
size 16384
