version https://git-lfs.github.com/spec/v1
oid sha256:d89209d162a264fe67d62c3294de8beefbfd1a787bf01e059ecb4ec492600b6d
size 4
