version https://git-lfs.github.com/spec/v1
oid sha256:a98d0535f4d2d51adb7b0916cb9df60a747f103fdd0c6c9718a58073aa4fcc03
size 3200
