version https://git-lfs.github.com/spec/v1
oid sha256:320ae5552cefa5e3d918ca586b3673d5e2e2becaec8beb368705ec63fb3b6610
size 32768
