version https://git-lfs.github.com/spec/v1
oid sha256:639373a37762fc96549612b49e7092eafdda4d8e8e89d700a34051fec9d2e760
size 2
