version https://git-lfs.github.com/spec/v1
oid sha256:ca98bf8818b1f91a6972067e6ae4555086aa35b4a72b5808080644d01f8fd310
size 12800
