version https://git-lfs.github.com/spec/v1
oid sha256:1e11d8652ba677540a9030f4f949e77e3ddb49fb901fa9c264248340cb41cae0
size 4096
