version https://git-lfs.github.com/spec/v1
oid sha256:e89ca4a6834454e68769cad460c2ac3ef62d1b4dea2bbf2f1ee0b6c446bb2ab4
size 3200
