version https://git-lfs.github.com/spec/v1
oid sha256:21548c66b44347d877e7b405a250121cda87cd494b122f0324f7df3b6cd75f86
size 4
