version https://git-lfs.github.com/spec/v1
oid sha256:f5a072eeefc2fe28d86fb389fd2f0eb1ec35a5dbec78e2a888c4ef26e01d1018
size 128
