version https://git-lfs.github.com/spec/v1
oid sha256:52d57c7dd695771c54ada0f3bf8b16b53070e0d26dcea47c8e6773b332137824
size 2
