version https://git-lfs.github.com/spec/v1
oid sha256:e57972efcc26dc6c4c89facbfb24f589450645b949352ca1962f320206326ee9
size 123008
