version https://git-lfs.github.com/spec/v1
oid sha256:013451d5fb26b867a09e104543a9e7ce73555a353a7eb0830ac7070561b9e106
size 600
