version https://git-lfs.github.com/spec/v1
oid sha256:154b05a291a74044a49531fe1a76e5c99cfa0bc5b978545c6be5013ebd80db81
size 46080
