version https://git-lfs.github.com/spec/v1
oid sha256:0068fedc8fd0812d0a15974c3f7d4ecdd2a4a3a69d32d01a73a214aca1db0824
size 2000
