version https://git-lfs.github.com/spec/v1
oid sha256:9781b05abaab3f7ea985a046dc38844cfb446b29b752b7178ba528d1de4560a8
size 12800
