version https://git-lfs.github.com/spec/v1
oid sha256:6289ecdd6f5293f265de298f5c9f797f6890ddf9d1dd6172df15e4b758804ab7
size 86528
