version https://git-lfs.github.com/spec/v1
oid sha256:e6ece17770481670a98a02c746d21a37d9526ee085a8a89cde999201213c8756
size 3920
