version https://git-lfs.github.com/spec/v1
oid sha256:18bba4b68b3553ea25fb1a55480ba1dd31676de5c9bcfd2b6f454c4b09e79e7b
size 706560
