version https://git-lfs.github.com/spec/v1
oid sha256:3b874d3ba46c638fc3094f8e92fb744ca974893873f8885f54e23760f9b6311b
size 262144
