version https://git-lfs.github.com/spec/v1
oid sha256:c8f4bd25882936ec82361aa1aa2930c7facf53f8711f43d201003b525402968a
size 25088
