version https://git-lfs.github.com/spec/v1
oid sha256:181709a680e2e6f263603aa7299fc6934fbb64ed0f1357b13bbc2d48788f1501
size 401408
