version https://git-lfs.github.com/spec/v1
oid sha256:619f13d4b8e5796402770a3a7c3c0946ec08f8cf180a2a306466613f9a88ac8f
size 2826240
