version https://git-lfs.github.com/spec/v1
oid sha256:d4a80ffdc180f2178ebd2d6b3c4eae623918fbc9510e5120c002886d70ca4569
size 100
