version https://git-lfs.github.com/spec/v1
oid sha256:f62c1ec4681a0a1535dfb0539166e87770a59bc52bc479d30f88ce89a169bc0e
size 8192
