version https://git-lfs.github.com/spec/v1
oid sha256:c652a3d2e6c3d81010cf8cf5c1df757f967bf5339748b24271cbbcb03139084c
size 32768
