version https://git-lfs.github.com/spec/v1
oid sha256:81ea897103551f5a7edad3cf870a0b9bf999b2b6c873c676b213a2b4d8c92ec9
size 64
