version https://git-lfs.github.com/spec/v1
oid sha256:941a00141e106f7856d8de40e214f39121a7d133ccd1a841ee4e1afd3770547a
size 2048
