version https://git-lfs.github.com/spec/v1
oid sha256:7bf9aa2051c8cb4ebe526a1c9c3e48db6b329c8206be6a24a858dd1589569521
size 48
