version https://git-lfs.github.com/spec/v1
oid sha256:431bdd52ead62f1a28369b603ada5d2ead549b8ea55b9a76381cd47741fde082
size 64
