version https://git-lfs.github.com/spec/v1
oid sha256:9125eb7b6ab12aecea2453ae28c2e2ad628727f0ca20ac3e946a181486fe2f8e
size 64
