version https://git-lfs.github.com/spec/v1
oid sha256:69575566b471b8c13fed676703b1418f42e6576bb2b58f14bac56cd035a01129
size 4096
