version https://git-lfs.github.com/spec/v1
oid sha256:45a7694f54d2f41c394f2c6a403e52ec85cf1ee778d9f305eb53a1415662fc23
size 2000
