version https://git-lfs.github.com/spec/v1
oid sha256:fed69a3534641940e74b7b95787755fd1ddab430841ca0530507352d2f299b69
size 144
